(in c:/Users/ofer/Development/Betcha/Server/BetchaServer)
